// Jest Snapshot v1, https://goo.gl/fbAQLP

exports[`NoApp should render 1`] = `
<div
  className="sc-htoDjs kkOYWO"
>
  <img
    className="sc-dnqmqq kezHrQ"
    src="test-file-stub"
  />
  <div
    className="sc-iwsKbI hvrcwP"
  >
    pim_apps.no_app.title
  </div>
  <div
    className="sc-gZMcBi jVpjdn"
  >
    pim_apps.no_app.message
    Â 
    <a
      className="sc-kEYyzF hgSZNu"
      onClick={[Function]}
    >
      pim_apps.no_app.message_link
    </a>
  </div>
</div>
`;
