// Jest Snapshot v1, https://goo.gl/fbAQLP

exports[`Figure should render 1`] = `
<div
  className="sc-bdVaJa cmhhvk"
>
  <img
    className="sc-bwzfXH cUPYub"
  />
  <div
    className="sc-htpNat jRBRyW"
  />
</div>
`;
